python : .C:\Development\property_management_invoice_generator\app.py:327: LegacyAPIWarning: The Query.get() method is 
considered legacy as of the 1.x series of SQLAlchemy and becomes a legacy construct in 2.0. The method is now 
available as Session.get() (deprecated since: 2.0) (Background on SQLAlchemy 2.0 at: https://sqlalche.me/e/b8d9)
At line:1 char:1
+ python -m unittest test_routes.py > test_output.txt 2>&1
+ ~~~~~~~~~~~~~~~~~~~~~~~~~~~~~~~~~~~~~~~~~~~~~~~~~~~~~~~~
    + CategoryInfo          : NotSpecified: (.C:\Development...lche.me/e/b8d9):String) [], RemoteException
    + FullyQualifiedErrorId : NativeCommandError
 
  customer = session.query(Customer).get(customer_id)
C:\Development\property_management_invoice_generator\test_routes.py:265: LegacyAPIWarning: The Query.get() method is 
considered legacy as of the 1.x series of SQLAlchemy and becomes a legacy construct in 2.0. The method is now 
available as Session.get() (deprecated since: 2.0) (Background on SQLAlchemy 2.0 at: https://sqlalche.me/e/b8d9)
  deleted_customer = session.query(Customer).get(c_id)
C:\Development\property_management_invoice_generator\test_routes.py:269: LegacyAPIWarning: The Query.get() method is 
considered legacy as of the 1.x series of SQLAlchemy and becomes a legacy construct in 2.0. The method is now 
available as Session.get() (deprecated since: 2.0) (Background on SQLAlchemy 2.0 at: https://sqlalche.me/e/b8d9)
  orphaned_invoice = session.query(Invoice).get(inv_id)
.C:\Development\property_management_invoice_generator\app.py:545: LegacyAPIWarning: The Query.get() method is 
considered legacy as of the 1.x series of SQLAlchemy and becomes a legacy construct in 2.0. The method is now 
available as Session.get() (deprecated since: 2.0) (Background on SQLAlchemy 2.0 at: https://sqlalche.me/e/b8d9)
  invoice = session.query(Invoice).get(invoice_id)
C:\Development\property_management_invoice_generator\test_routes.py:105: LegacyAPIWarning: The Query.get() method is 
considered legacy as of the 1.x series of SQLAlchemy and becomes a legacy construct in 2.0. The method is now 
available as Session.get() (deprecated since: 2.0) (Background on SQLAlchemy 2.0 at: https://sqlalche.me/e/b8d9)
  deleted_inv = session.query(Invoice).get(inv_id)
..C:\Development\property_management_invoice_generator\app.py:38: LegacyAPIWarning: The Query.get() method is 
considered legacy as of the 1.x series of SQLAlchemy and becomes a legacy construct in 2.0. The method is now 
available as Session.get() (deprecated since: 2.0) (Background on SQLAlchemy 2.0 at: https://sqlalche.me/e/b8d9)
  customer = session.query(Customer).get(customer_id)
F.DEBUG: Form Data Received: ImmutableMultiDict([('name', 'New Guy'), ('email', 'new@guy.com'), ('property_address', 
'123 New St'), ('property_city', 'New City'), ('property_state', 'WI'), ('property_zip', '53000'), ('rate', '100.00'), 
('cadence', 'monthly'), ('fee_type', 'Management Fee'), ('next_bill_date', '2025-11-26')])
.C:\Development\property_management_invoice_generator\app.py:563: LegacyAPIWarning: The Query.get() method is 
considered legacy as of the 1.x series of SQLAlchemy and becomes a legacy construct in 2.0. The method is now 
available as Session.get() (deprecated since: 2.0) (Background on SQLAlchemy 2.0 at: https://sqlalche.me/e/b8d9)
  invoice = session.query(Invoice).get(invoice_id)
C:\Development\property_management_invoice_generator\test_routes.py:135: LegacyAPIWarning: The Query.get() method is 
considered legacy as of the 1.x series of SQLAlchemy and becomes a legacy construct in 2.0. The method is now 
available as Session.get() (deprecated since: 2.0) (Background on SQLAlchemy 2.0 at: https://sqlalche.me/e/b8d9)
  inv = session.query(Invoice).get(inv_id)
C:\Development\property_management_invoice_generator\test_routes.py:145: LegacyAPIWarning: The Query.get() method is 
considered legacy as of the 1.x series of SQLAlchemy and becomes a legacy construct in 2.0. The method is now 
available as Session.get() (deprecated since: 2.0) (Background on SQLAlchemy 2.0 at: https://sqlalche.me/e/b8d9)
  inv = session.query(Invoice).get(inv_id)
.
======================================================================
FAIL: test_invoice_consistency (test_routes.TestRoutes.test_invoice_consistency)
----------------------------------------------------------------------
Traceback (most recent call last):
  File "C:\Development\property_management_invoice_generator\test_routes.py", line 190, in test_invoice_consistency
    self.assertEqual(inv.amount, 500.0)
    ~~~~~~~~~~~~~~~~^^^^^^^^^^^^^^^^^^^
AssertionError: 100.0 != 500.0

----------------------------------------------------------------------
Ran 8 tests in 0.334s

FAILED (failures=1)

Testing Customer Deletion Preserves Invoices...
Customer deletion preserved invoices successfully.

Testing DELETE /invoices/<id>/delete...

Testing Invoice Consistency (Email vs PDF)...
DEBUG: Form Data Received: ImmutableMultiDict([('customer_id', '4'), ('invoice_date', '2025-11-26'), ('template_name', 'base_invoice_template.docx'), ('fee_2_type', ''), ('fee_2_amount', ''), ('fee_3_type', ''), ('fee_3_amount', ''), ('additional_fee_desc', ''), ('additional_fee_amount', '')])
DEBUG: Final Fees: Fee2=Late Fee/$50.0, Fee3=None/$None
DEBUG: Generator Logic Called. Kwargs: {'fee_2_type': 'Late Fee', 'fee_2_amount': 50.0, 'fee_3_type': None, 'fee_3_amount': None, 'additional_fee_desc': None, 'additional_fee_amount': None}
DEBUG: Using kwargs. fee_2_amount=50.0, additional=None

Testing /invoices route...

Testing New Customer Route...

Testing Toggle Invoice Status...
<sys>:0: ResourceWarning: unclosed database in <sqlite3.Connection object at 0x000001F71B5B36A0>
<sys>:0: ResourceWarning: unclosed database in <sqlite3.Connection object at 0x000001F71B651C60>
<sys>:0: ResourceWarning: unclosed database in <sqlite3.Connection object at 0x000001F71B54D3F0>
